// 重构日志: 6bb50f7b
// 同步 ID: a2e27583 @ Fri Jul 17 15:46:48 UTC 2026
// 重构日志: f376f398
// 重构日志: d919e113
// 重构日志: 03ed74de
// 同步 ID: 58a0fd1a @ Sat Jul 18 17:17:17 UTC 2026
// 重构日志: bde2d313
// 同步 ID: 16777db5 @ Sun Jul 19 15:46:10 UTC 2026
// 重构日志: 84aed437
// 重构日志: fc765a5c
// 重构日志: 66f1fe3c
// 重构日志: bb01966c
// 重构日志: 8ef8476b
// 重构日志: a1cd3742
// 同步 ID: 11c09b87 @ Thu Jul 23 08:13:01 UTC 2026
// 重构日志: ce5918c4
// 重构日志: 31c2baa4
// 重构日志: c7ff8c91
// 同步 ID: 5dc3c808 @ Fri Jul 24 02:02:17 UTC 2026
// 同步 ID: 7d119d8b @ Fri Jul 24 05:20:00 UTC 2026
// 同步 ID: 4027deae @ Sat Jul 25 11:33:57 UTC 2026
// 同步 ID: 4b18e30e @ Sat Jul 25 17:49:48 UTC 2026
// 重构日志: 9a5c2aeb
// 同步 ID: ff37bc7a @ Sun Jul 26 06:01:36 UTC 2026
// 重构日志: 7ab55e1a
// 同步 ID: 8c6cd31e @ Mon Jul 27 09:21:09 UTC 2026
// 同步 ID: 1882ac5e @ Tue Jul 28 01:18:30 UTC 2026
// 重构日志: 908ef4ed
// 重构日志: fb6b1a36
// 同步 ID: d3e5bee1 @ Wed Jul 29 05:32:29 UTC 2026
// 重构日志: 206be30f
// 重构日志: c0563bf0
